[2026-05-19 17:51:39] local.ERROR: Invalid payment type  
[2026-05-19 17:54:49] local.ERROR: Invalid payment type  
[2026-05-19 18:10:32] local.ERROR: Call to undefined method Illuminate\Http\RedirectResponse::compact()  
[2026-05-19 18:13:41] local.ERROR: Missing required parameter for [Route: receipt_payment.create] [URI: ar/receipt-payment/{id}/create] [Missing parameter: id].  
[2026-05-19 18:15:37] local.ERROR: Route [backend.reciptpayment.create] not defined.  
[2026-05-22 21:55:02] local.ERROR: Undefined variable $pay  
[2026-05-22 21:55:39] local.ERROR: Undefined variable $report_data  
[2026-05-24 21:14:53] local.ERROR: Method App\Http\Controllers\ReciptPaymentController::AddStudentClotheInvoice does not exist.  
[2026-05-24 21:15:37] local.ERROR: Attempt to read property "amount" on null  
[2026-05-24 21:19:43] local.ERROR: Attempt to read property "total" on string  
[2026-05-24 21:20:15] local.ERROR: Attempt to read property "total" on string  
[2026-05-24 21:27:36] local.ERROR: Attempt to read property "total" on string  
[2026-05-24 21:32:08] local.ERROR: SQLSTATE[42703]: Undefined column: 7 ERROR:  column "sales_price_set" does not exist
LINE 1: select sum("sales_price_set") as aggregate from "clothes_ord...
                   ^ (Connection: pgsql, SQL: select sum("sales_price_set") as aggregate from "clothes_orders" where "clothes_orders"."deleted_at" is null)  
[2026-05-24 21:32:36] local.ERROR: SQLSTATE[42P01]: Undefined table: 7 ERROR:  missing FROM-clause entry for table "clothes"
LINE 1: select sum("clothes"."sales_price_set") as aggregate from "c...
                   ^ (Connection: pgsql, SQL: select sum("clothes"."sales_price_set") as aggregate from "clothes_orders" where "clothes_orders"."deleted_at" is null)  
[2026-05-24 21:33:29] local.ERROR: SQLSTATE[42P01]: Undefined table: 7 ERROR:  missing FROM-clause entry for table "clothes"
LINE 1: select sum("clothes"."sales_price_set") as aggregate from "c...
                   ^ (Connection: pgsql, SQL: select sum("clothes"."sales_price_set") as aggregate from "clothes_orders" where "clothes_orders"."deleted_at" is null)  
[2026-05-26 16:32:07] local.ERROR: Attempt to read property "total_price" on null  
[2026-05-26 17:26:08] local.ERROR: Attempt to read property "total_price" on null  
[2026-05-26 17:31:45] local.ERROR: Attempt to read property "total_price" on null  
